[themes.potenzaglobalsolutions.com/html/cupid-love-dating-website-html5-template/cupid-love/index-2.html]
[backblue.gif]
[fade.gif]
[index.html]
[themes.potenzaglobalsolutions.com/html/cupid-love-dating-website-html5-template/cupid-love/images/favicon.ico]
[themes.potenzaglobalsolutions.com/html/cupid-love-dating-website-html5-template/cupid-love/css/bootstrap.min.css]
[themes.potenzaglobalsolutions.com/html/cupid-love-dating-website-html5-template/cupid-love/css/mega-menu/mega_menu.css]
[themes.potenzaglobalsolutions.com/html/cupid-love-dating-website-html5-template/cupid-love/css/font-awesome.min.css]
[themes.potenzaglobalsolutions.com/html/cupid-love-dating-website-html5-template/cupid-love/css/flaticon.css]
[themes.potenzaglobalsolutions.com/html/cupid-love-dating-website-html5-template/cupid-love/css/magnific-popup/magnific-popup.css]
[themes.potenzaglobalsolutions.com/html/cupid-love-dating-website-html5-template/cupid-love/css/owl-carousel/owl.carousel.css]
[themes.potenzaglobalsolutions.com/html/cupid-love-dating-website-html5-template/cupid-love/css/general.css]
[themes.potenzaglobalsolutions.com/html/cupid-love-dating-website-html5-template/cupid-love/css/style.css]
[themes.potenzaglobalsolutions.com/html/cupid-love-dating-website-html5-template/cupid-love/css/skins/skin-default.css]
[themes.potenzaglobalsolutions.com/html/cupid-love-dating-website-html5-template/cupid-love/css/style-customizer.css]
[themes.potenzaglobalsolutions.com/html/cupid-love-dating-website-html5-template/cupid-love/images/loading.gif]
[themes.potenzaglobalsolutions.com/html/cupid-love-dating-website-html5-template/cupid-love/register.html]
[themes.potenzaglobalsolutions.com/html/cupid-love-dating-website-html5-template/cupid-love/login.html]
[themes.potenzaglobalsolutions.com/html/cupid-love-dating-website-html5-template/cupid-love/index-default.html]
[themes.potenzaglobalsolutions.com/html/cupid-love-dating-website-html5-template/cupid-love/images/logo.png]
[themes.potenzaglobalsolutions.com/html/cupid-love-dating-website-html5-template/cupid-love/index-3.html]
[themes.potenzaglobalsolutions.com/html/cupid-love-dating-website-html5-template/cupid-love/profile.html]
[themes.potenzaglobalsolutions.com/html/cupid-love-dating-website-html5-template/cupid-love/profile-2.html]
[themes.potenzaglobalsolutions.com/html/cupid-love-dating-website-html5-template/cupid-love/stories.html]
[themes.potenzaglobalsolutions.com/html/cupid-love-dating-website-html5-template/cupid-love/stories-2.html]
[themes.potenzaglobalsolutions.com/html/cupid-love-dating-website-html5-template/cupid-love/about-1.html]
[themes.potenzaglobalsolutions.com/html/cupid-love-dating-website-html5-template/cupid-love/about-2.html]
[themes.potenzaglobalsolutions.com/html/cupid-love-dating-website-html5-template/cupid-love/team-1.html]
[themes.potenzaglobalsolutions.com/html/cupid-love-dating-website-html5-template/cupid-love/team-2.html]
[themes.potenzaglobalsolutions.com/html/cupid-love-dating-website-html5-template/cupid-love/team-single.html]
[themes.potenzaglobalsolutions.com/html/cupid-love-dating-website-html5-template/cupid-love/faqs-1.html]
[themes.potenzaglobalsolutions.com/html/cupid-love-dating-website-html5-template/cupid-love/faqs-2.html]
[themes.potenzaglobalsolutions.com/html/cupid-love-dating-website-html5-template/cupid-love/contact-1.html]
[themes.potenzaglobalsolutions.com/html/cupid-love-dating-website-html5-template/cupid-love/contact-2.html]
[themes.potenzaglobalsolutions.com/html/cupid-love-dating-website-html5-template/cupid-love/contact-3.html]
[themes.potenzaglobalsolutions.com/html/cupid-love-dating-website-html5-template/cupid-love/login-2.html]
[themes.potenzaglobalsolutions.com/html/cupid-love-dating-website-html5-template/cupid-love/register-2.html]
[themes.potenzaglobalsolutions.com/html/cupid-love-dating-website-html5-template/cupid-love/step.html]
[themes.potenzaglobalsolutions.com/html/cupid-love-dating-website-html5-template/cupid-love/error-404.html]
[themes.potenzaglobalsolutions.com/html/cupid-love-dating-website-html5-template/cupid-love/coming-soon.html]
[themes.potenzaglobalsolutions.com/html/cupid-love-dating-website-html5-template/cupid-love/terms-conditions.html]
[themes.potenzaglobalsolutions.com/html/cupid-love-dating-website-html5-template/cupid-love/privacy-policy.html]
[themes.potenzaglobalsolutions.com/html/cupid-love-dating-website-html5-template/cupid-love/become-a-member.html]
[themes.potenzaglobalsolutions.com/html/cupid-love-dating-website-html5-template/cupid-love/blog-left.html]
[themes.potenzaglobalsolutions.com/html/cupid-love-dating-website-html5-template/cupid-love/blog-right.html]
[themes.potenzaglobalsolutions.com/html/cupid-love-dating-website-html5-template/cupid-love/blog-fullwidth.html]
[themes.potenzaglobalsolutions.com/html/cupid-love-dating-website-html5-template/cupid-love/blog-masonry-2-columns.html]
[themes.potenzaglobalsolutions.com/html/cupid-love-dating-website-html5-template/cupid-love/blog-masonry-3-columns.html]
[themes.potenzaglobalsolutions.com/html/cupid-love-dating-website-html5-template/cupid-love/blog-masonry-fullwidth.html]
[themes.potenzaglobalsolutions.com/html/cupid-love-dating-website-html5-template/cupid-love/blog-singal-left.html]
[themes.potenzaglobalsolutions.com/html/cupid-love-dating-website-html5-template/cupid-love/blog-singal-right.html]
[themes.potenzaglobalsolutions.com/html/cupid-love-dating-website-html5-template/cupid-love/blog-singal-fullwidth.html]
[themes.potenzaglobalsolutions.com/html/cupid-love-dating-website-html5-template/cupid-love/elements-accordions.html]
[themes.potenzaglobalsolutions.com/html/cupid-love-dating-website-html5-template/cupid-love/elements-action-box.html]
[themes.potenzaglobalsolutions.com/html/cupid-love-dating-website-html5-template/cupid-love/elements-alerts-and-callouts.html]
[themes.potenzaglobalsolutions.com/html/cupid-love-dating-website-html5-template/cupid-love/elements-buttons.html]
[themes.potenzaglobalsolutions.com/html/cupid-love-dating-website-html5-template/cupid-love/elements-carousel-slider.html]
[themes.potenzaglobalsolutions.com/html/cupid-love-dating-website-html5-template/cupid-love/elements-columns.html]
[themes.potenzaglobalsolutions.com/html/cupid-love-dating-website-html5-template/cupid-love/elements-content-box.html]
[themes.potenzaglobalsolutions.com/html/cupid-love-dating-website-html5-template/cupid-love/elements-counter.html]
[themes.potenzaglobalsolutions.com/html/cupid-love-dating-website-html5-template/cupid-love/elements-data-table.html]
[themes.potenzaglobalsolutions.com/html/cupid-love-dating-website-html5-template/cupid-love/elements-lists-style.html]
[themes.potenzaglobalsolutions.com/html/cupid-love-dating-website-html5-template/cupid-love/elements-post-style.html]
[themes.potenzaglobalsolutions.com/html/cupid-love-dating-website-html5-template/cupid-love/elements-timeline.html]
[themes.potenzaglobalsolutions.com/html/cupid-love-dating-website-html5-template/cupid-love/elements-social-icon.html]
[themes.potenzaglobalsolutions.com/html/cupid-love-dating-website-html5-template/cupid-love/elements-testimonial.html]
[themes.potenzaglobalsolutions.com/html/cupid-love-dating-website-html5-template/cupid-love/elements-tabs.html]
[themes.potenzaglobalsolutions.com/html/cupid-love-dating-website-html5-template/cupid-love/elements-our-story.html]
[themes.potenzaglobalsolutions.com/html/cupid-love-dating-website-html5-template/cupid-love/elements-team.html]
[themes.potenzaglobalsolutions.com/html/cupid-love-dating-website-html5-template/cupid-love/elements-typography.html]
[themes.potenzaglobalsolutions.com/html/cupid-love-dating-website-html5-template/cupid-love/images/bg/bg-2.jpg]
[themes.potenzaglobalsolutions.com/html/cupid-love-dating-website-html5-template/cupid-love/images/about/01.jpg]
[themes.potenzaglobalsolutions.com/html/cupid-love-dating-website-html5-template/cupid-love/images/bg/bg-7.jpg]
[themes.potenzaglobalsolutions.com/html/cupid-love-dating-website-html5-template/cupid-love/profile-details.html]
[themes.potenzaglobalsolutions.com/html/cupid-love-dating-website-html5-template/cupid-love/images/profile/01.jpg]
[themes.potenzaglobalsolutions.com/html/cupid-love-dating-website-html5-template/cupid-love/images/profile/02.jpg]
[themes.potenzaglobalsolutions.com/html/cupid-love-dating-website-html5-template/cupid-love/images/profile/03.jpg]
[themes.potenzaglobalsolutions.com/html/cupid-love-dating-website-html5-template/cupid-love/images/profile/04.jpg]
[themes.potenzaglobalsolutions.com/html/cupid-love-dating-website-html5-template/cupid-love/images/timeline/01.png]
[themes.potenzaglobalsolutions.com/html/cupid-love-dating-website-html5-template/cupid-love/images/timeline/02.png]
[themes.potenzaglobalsolutions.com/html/cupid-love-dating-website-html5-template/cupid-love/images/timeline/03.png]
[themes.potenzaglobalsolutions.com/html/cupid-love-dating-website-html5-template/cupid-love/images/pattern/01.png]
[themes.potenzaglobalsolutions.com/html/cupid-love-dating-website-html5-template/cupid-love/images/app-img-2.png]
[themes.potenzaglobalsolutions.com/html/cupid-love-dating-website-html5-template/cupid-love/images/play-icon.png]
[themes.potenzaglobalsolutions.com/html/cupid-love-dating-website-html5-template/cupid-love/images/blog/05.jpg]
[themes.potenzaglobalsolutions.com/html/cupid-love-dating-website-html5-template/cupid-love/images/blog/01.jpg]
[themes.potenzaglobalsolutions.com/html/cupid-love-dating-website-html5-template/cupid-love/images/blog/02.jpg]
[themes.potenzaglobalsolutions.com/html/cupid-love-dating-website-html5-template/cupid-love/images/bg/bg-3.jpg]
[themes.potenzaglobalsolutions.com/html/cupid-love-dating-website-html5-template/cupid-love/images/thumbnail/thum-1.jpg]
[themes.potenzaglobalsolutions.com/html/cupid-love-dating-website-html5-template/cupid-love/images/thumbnail/thum-2.jpg]
[themes.potenzaglobalsolutions.com/html/cupid-love-dating-website-html5-template/cupid-love/images/thumbnail/thum-3.jpg]
[themes.potenzaglobalsolutions.com/html/cupid-love-dating-website-html5-template/cupid-love/images/story/01.jpg]
[themes.potenzaglobalsolutions.com/html/cupid-love-dating-website-html5-template/cupid-love/stories-details.html]
[themes.potenzaglobalsolutions.com/html/cupid-love-dating-website-html5-template/cupid-love/images/story/02.jpg]
[themes.potenzaglobalsolutions.com/html/cupid-love-dating-website-html5-template/cupid-love/images/story/03.jpg]
[themes.potenzaglobalsolutions.com/html/cupid-love-dating-website-html5-template/cupid-love/images/story/04.jpg]
[themes.potenzaglobalsolutions.com/html/cupid-love-dating-website-html5-template/cupid-love/images/story/05.jpg]
[themes.potenzaglobalsolutions.com/html/cupid-love-dating-website-html5-template/cupid-love/images/story/06.jpg]
[themes.potenzaglobalsolutions.com/html/cupid-love-dating-website-html5-template/cupid-love/images/story/07.jpg]
[themes.potenzaglobalsolutions.com/html/cupid-love-dating-website-html5-template/cupid-love/images/story/08.jpg]
[themes.potenzaglobalsolutions.com/html/cupid-love-dating-website-html5-template/cupid-love/images/story/09.jpg]
[themes.potenzaglobalsolutions.com/html/cupid-love-dating-website-html5-template/cupid-love/images/story/10.jpg]
[themes.potenzaglobalsolutions.com/html/cupid-love-dating-website-html5-template/cupid-love/images/story/11.jpg]
[themes.potenzaglobalsolutions.com/html/cupid-love-dating-website-html5-template/cupid-love/images/story/12.jpg]
[themes.potenzaglobalsolutions.com/html/cupid-love-dating-website-html5-template/cupid-love/images/pattern/04.png]
[themes.potenzaglobalsolutions.com/html/cupid-love-dating-website-html5-template/cupid-love/images/footer-logo.png]
[themes.potenzaglobalsolutions.com/html/cupid-love-dating-website-html5-template/cupid-love/js/jquery-3.6.0.min.js]
[themes.potenzaglobalsolutions.com/html/cupid-love-dating-website-html5-template/cupid-love/js/popper.min.js]
[themes.potenzaglobalsolutions.com/html/cupid-love-dating-website-html5-template/cupid-love/js/bootstrap.min.js]
[themes.potenzaglobalsolutions.com/html/cupid-love-dating-website-html5-template/cupid-love/js/jquery.appear.js]
[themes.potenzaglobalsolutions.com/html/cupid-love-dating-website-html5-template/cupid-love/js/mega-menu/mega_menu.js]
[themes.potenzaglobalsolutions.com/html/cupid-love-dating-website-html5-template/cupid-love/js/owl-carousel/owl.carousel.min.js]
[themes.potenzaglobalsolutions.com/html/cupid-love-dating-website-html5-template/cupid-love/js/counter/jquery.countTo.js]
[themes.potenzaglobalsolutions.com/html/cupid-love-dating-website-html5-template/cupid-love/js/magnific-popup/jquery.magnific-popup.min.js]
[themes.potenzaglobalsolutions.com/html/cupid-love-dating-website-html5-template/cupid-love/js/style-customizer.js]
[themes.potenzaglobalsolutions.com/html/cupid-love-dating-website-html5-template/cupid-love/js/jquery.simple-text-rotator.js]
[themes.potenzaglobalsolutions.com/html/cupid-love-dating-website-html5-template/cupid-love/js/custom.js]
[themes.potenzaglobalsolutions.com/html/cupid-love-dating-website-html5-template/cupid-love/index-2.html]
[themes.potenzaglobalsolutions.com/html/cupid-love-dating-website-html5-template/cupid-love/css/bootstrap.min.css]
[themes.potenzaglobalsolutions.com/html/cupid-love-dating-website-html5-template/cupid-love/css/mega-menu/mega_menu.css]
[themes.potenzaglobalsolutions.com/html/cupid-love-dating-website-html5-template/cupid-love/fonts/fontawesome-webfont5b62.eot]
[themes.potenzaglobalsolutions.com/html/cupid-love-dating-website-html5-template/cupid-love/fonts/fontawesome-webfontd41d.eot]
[themes.potenzaglobalsolutions.com/html/cupid-love-dating-website-html5-template/cupid-love/fonts/fontawesome-webfont5b62.woff2]
[themes.potenzaglobalsolutions.com/html/cupid-love-dating-website-html5-template/cupid-love/fonts/fontawesome-webfont5b62.woff]
[themes.potenzaglobalsolutions.com/html/cupid-love-dating-website-html5-template/cupid-love/fonts/fontawesome-webfont5b62.ttf]
[themes.potenzaglobalsolutions.com/html/cupid-love-dating-website-html5-template/cupid-love/css/font-awesome.min.css]
[themes.potenzaglobalsolutions.com/html/cupid-love-dating-website-html5-template/cupid-love/fonts/Flaticon.eot]
[themes.potenzaglobalsolutions.com/html/cupid-love-dating-website-html5-template/cupid-love/fonts/Flaticond41d.eot]
[themes.potenzaglobalsolutions.com/html/cupid-love-dating-website-html5-template/cupid-love/fonts/Flaticon.woff]
[themes.potenzaglobalsolutions.com/html/cupid-love-dating-website-html5-template/cupid-love/fonts/Flaticon.ttf]
[themes.potenzaglobalsolutions.com/html/cupid-love-dating-website-html5-template/cupid-love/css/flaticon.css]
[themes.potenzaglobalsolutions.com/html/cupid-love-dating-website-html5-template/cupid-love/css/magnific-popup/magnific-popup.css]
[themes.potenzaglobalsolutions.com/html/cupid-love-dating-website-html5-template/cupid-love/css/owl-carousel/owl.carousel.css]
[themes.potenzaglobalsolutions.com/html/cupid-love-dating-website-html5-template/cupid-love/images/pattern/02.png]
[themes.potenzaglobalsolutions.com/html/cupid-love-dating-website-html5-template/cupid-love/images/pattern/03.png]
[themes.potenzaglobalsolutions.com/html/cupid-love-dating-website-html5-template/cupid-love/images/action-box-img.png]
[themes.potenzaglobalsolutions.com/html/cupid-love-dating-website-html5-template/cupid-love/images/divider-customizer/divider-skin-default.png]
[themes.potenzaglobalsolutions.com/html/cupid-love-dating-website-html5-template/cupid-love/images/divider-customizer-2/divider-skin-default.png]
[themes.potenzaglobalsolutions.com/html/cupid-love-dating-website-html5-template/cupid-love/images/divider-customizer-3/divider-skin-default.png]
[themes.potenzaglobalsolutions.com/html/cupid-love-dating-website-html5-template/cupid-love/images/timeline/timeline-bdr2.png]
[themes.potenzaglobalsolutions.com/html/cupid-love-dating-website-html5-template/cupid-love/images/timeline/timeline-bdr.png]
[themes.potenzaglobalsolutions.com/html/cupid-love-dating-website-html5-template/cupid-love/images/timeline-img.png]
[themes.potenzaglobalsolutions.com/html/cupid-love-dating-website-html5-template/cupid-love/images/login-bg.png]
[themes.potenzaglobalsolutions.com/html/cupid-love-dating-website-html5-template/cupid-love/images/error-404.png]
[themes.potenzaglobalsolutions.com/html/cupid-love-dating-website-html5-template/cupid-love/images/step/slider-handle.png]
[themes.potenzaglobalsolutions.com/html/cupid-love-dating-website-html5-template/cupid-love/css/general.css]
[themes.potenzaglobalsolutions.com/html/cupid-love-dating-website-html5-template/cupid-love/images/close.png]
[themes.potenzaglobalsolutions.com/html/cupid-love-dating-website-html5-template/cupid-love/css/style.css]
[themes.potenzaglobalsolutions.com/html/cupid-love-dating-website-html5-template/cupid-love/css/skins/skin-default.css]
[themes.potenzaglobalsolutions.com/html/cupid-love-dating-website-html5-template/cupid-love/css/style-customizer.css]
[themes.potenzaglobalsolutions.com/html/cupid-love-dating-website-html5-template/cupid-love/images/bg/inner-bg-1.jpg]
[themes.potenzaglobalsolutions.com/html/cupid-love-dating-website-html5-template/cupid-love/register.html]
[themes.potenzaglobalsolutions.com/html/cupid-love-dating-website-html5-template/cupid-love/login.html]
[themes.potenzaglobalsolutions.com/html/cupid-love-dating-website-html5-template/cupid-love/css/bootstrap-select.min.css]
[themes.potenzaglobalsolutions.com/html/cupid-love-dating-website-html5-template/cupid-love/css/animate.min.css]
[themes.potenzaglobalsolutions.com/html/cupid-love-dating-website-html5-template/cupid-love/images/bg/bg-1.jpg]
[themes.potenzaglobalsolutions.com/html/cupid-love-dating-website-html5-template/cupid-love/images/app-img.png]
[themes.potenzaglobalsolutions.com/html/cupid-love-dating-website-html5-template/cupid-love/images/counter/01.png]
[themes.potenzaglobalsolutions.com/html/cupid-love-dating-website-html5-template/cupid-love/images/counter/02.png]
[themes.potenzaglobalsolutions.com/html/cupid-love-dating-website-html5-template/cupid-love/images/counter/03.png]
[themes.potenzaglobalsolutions.com/html/cupid-love-dating-website-html5-template/cupid-love/images/counter/04.png]
[themes.potenzaglobalsolutions.com/html/cupid-love-dating-website-html5-template/cupid-love/images/profile/05.jpg]
[themes.potenzaglobalsolutions.com/html/cupid-love-dating-website-html5-template/cupid-love/images/profile/06.jpg]
[themes.potenzaglobalsolutions.com/html/cupid-love-dating-website-html5-template/cupid-love/images/profile/07.jpg]
[themes.potenzaglobalsolutions.com/html/cupid-love-dating-website-html5-template/cupid-love/images/profile/08.jpg]
[themes.potenzaglobalsolutions.com/html/cupid-love-dating-website-html5-template/cupid-love/images/bg/bg-4.jpg]
[themes.potenzaglobalsolutions.com/html/cupid-love-dating-website-html5-template/cupid-love/images/blog/03.jpg]
[themes.potenzaglobalsolutions.com/html/cupid-love-dating-website-html5-template/cupid-love/images/blog/04.jpg]
[themes.potenzaglobalsolutions.com/html/cupid-love-dating-website-html5-template/cupid-love/images/team/team1.png]
[themes.potenzaglobalsolutions.com/html/cupid-love-dating-website-html5-template/cupid-love/images/team/team2.png]
[themes.potenzaglobalsolutions.com/html/cupid-love-dating-website-html5-template/cupid-love/images/team/team3.png]
[themes.potenzaglobalsolutions.com/html/cupid-love-dating-website-html5-template/cupid-love/images/team/team4.png]
[themes.potenzaglobalsolutions.com/html/cupid-love-dating-website-html5-template/cupid-love/js/select/jquery-select.js]
[themes.potenzaglobalsolutions.com/html/cupid-love-dating-website-html5-template/cupid-love/index-default.html]
[themes.potenzaglobalsolutions.com/html/cupid-love-dating-website-html5-template/cupid-love/images/dark-logo.png]
[themes.potenzaglobalsolutions.com/html/cupid-love-dating-website-html5-template/cupid-love/images/bg/bg-6.jpg]
[themes.potenzaglobalsolutions.com/html/cupid-love-dating-website-html5-template/cupid-love/images/blog/v2-01.jpg]
[themes.potenzaglobalsolutions.com/html/cupid-love-dating-website-html5-template/cupid-love/images/blog/v2-02.jpg]
[themes.potenzaglobalsolutions.com/html/cupid-love-dating-website-html5-template/cupid-love/images/bg/bg-5.jpg]
[themes.potenzaglobalsolutions.com/html/cupid-love-dating-website-html5-template/cupid-love/index-3.html]
[themes.potenzaglobalsolutions.com/html/cupid-love-dating-website-html5-template/cupid-love/profile.html]
[themes.potenzaglobalsolutions.com/html/cupid-love-dating-website-html5-template/cupid-love/profile-2.html]
[themes.potenzaglobalsolutions.com/html/cupid-love-dating-website-html5-template/cupid-love/stories.html]
[themes.potenzaglobalsolutions.com/html/cupid-love-dating-website-html5-template/cupid-love/stories-2.html]
[themes.potenzaglobalsolutions.com/html/cupid-love-dating-website-html5-template/cupid-love/about-1.html]
[themes.potenzaglobalsolutions.com/html/cupid-love-dating-website-html5-template/cupid-love/images/about/02.jpg]
[themes.potenzaglobalsolutions.com/html/cupid-love-dating-website-html5-template/cupid-love/about-2.html]
[themes.potenzaglobalsolutions.com/html/cupid-love-dating-website-html5-template/cupid-love/team-1.html]
[themes.potenzaglobalsolutions.com/html/cupid-love-dating-website-html5-template/cupid-love/team-2.html]
[themes.potenzaglobalsolutions.com/html/cupid-love-dating-website-html5-template/cupid-love/css/skills-graph/jqbar.css]
[themes.potenzaglobalsolutions.com/html/cupid-love-dating-website-html5-template/cupid-love/images/team/team-v1.png]
[themes.potenzaglobalsolutions.com/html/cupid-love-dating-website-html5-template/cupid-love/js/skills-graph/jqbar.js]
[themes.potenzaglobalsolutions.com/html/cupid-love-dating-website-html5-template/cupid-love/team-single.html]
[themes.potenzaglobalsolutions.com/html/cupid-love-dating-website-html5-template/cupid-love/faqs-1.html]
[themes.potenzaglobalsolutions.com/html/cupid-love-dating-website-html5-template/cupid-love/faqs-2.html]
[themes.potenzaglobalsolutions.com/html/cupid-love-dating-website-html5-template/cupid-love/contact-1.html]
[themes.potenzaglobalsolutions.com/html/cupid-love-dating-website-html5-template/cupid-love/contact-2.html]
[themes.potenzaglobalsolutions.com/html/cupid-love-dating-website-html5-template/cupid-love/contact-3.html]
[themes.potenzaglobalsolutions.com/html/cupid-love-dating-website-html5-template/cupid-love/login-2.html]
[themes.potenzaglobalsolutions.com/html/cupid-love-dating-website-html5-template/cupid-love/register-2.html]
[themes.potenzaglobalsolutions.com/html/cupid-love-dating-website-html5-template/cupid-love/css/bootstrap-slider.min.css]
[themes.potenzaglobalsolutions.com/html/cupid-love-dating-website-html5-template/cupid-love/images/step/01.png]
[themes.potenzaglobalsolutions.com/html/cupid-love-dating-website-html5-template/cupid-love/images/step/02.png]
[themes.potenzaglobalsolutions.com/html/cupid-love-dating-website-html5-template/cupid-love/images/step/03.png]
[themes.potenzaglobalsolutions.com/html/cupid-love-dating-website-html5-template/cupid-love/images/step/04.png]
[themes.potenzaglobalsolutions.com/html/cupid-love-dating-website-html5-template/cupid-love/images/step/05.png]
[themes.potenzaglobalsolutions.com/html/cupid-love-dating-website-html5-template/cupid-love/images/step/06.png]
[themes.potenzaglobalsolutions.com/html/cupid-love-dating-website-html5-template/cupid-love/step.html]
[themes.potenzaglobalsolutions.com/html/cupid-love-dating-website-html5-template/cupid-love/error-404.html]
[themes.potenzaglobalsolutions.com/html/cupid-love-dating-website-html5-template/cupid-love/js/bootstrap-slider.min.js]
[themes.potenzaglobalsolutions.com/html/cupid-love-dating-website-html5-template/cupid-love/js/countdown/jquery.downCount.js]
[themes.potenzaglobalsolutions.com/html/cupid-love-dating-website-html5-template/cupid-love/coming-soon.html]
[themes.potenzaglobalsolutions.com/html/cupid-love-dating-website-html5-template/cupid-love/terms-conditions.html]
[themes.potenzaglobalsolutions.com/html/cupid-love-dating-website-html5-template/cupid-love/privacy-policy.html]
[themes.potenzaglobalsolutions.com/html/cupid-love-dating-website-html5-template/cupid-love/become-a-member.html]
[themes.potenzaglobalsolutions.com/html/cupid-love-dating-website-html5-template/cupid-love/images/thumbnail/thum-7.jpg]
[themes.potenzaglobalsolutions.com/html/cupid-love-dating-website-html5-template/cupid-love/images/thumbnail/thum-8.jpg]
[themes.potenzaglobalsolutions.com/html/cupid-love-dating-website-html5-template/cupid-love/images/thumbnail/thum-9.jpg]
[themes.potenzaglobalsolutions.com/html/cupid-love-dating-website-html5-template/cupid-love/images/thumbnail/thum-10.jpg]
[themes.potenzaglobalsolutions.com/html/cupid-love-dating-website-html5-template/cupid-love/blog-left.html]
[themes.potenzaglobalsolutions.com/html/cupid-love-dating-website-html5-template/cupid-love/blog-right.html]
[themes.potenzaglobalsolutions.com/html/cupid-love-dating-website-html5-template/cupid-love/blog-fullwidth.html]
[themes.potenzaglobalsolutions.com/html/cupid-love-dating-website-html5-template/cupid-love/blog-masonry-2-columns.html]
[themes.potenzaglobalsolutions.com/html/cupid-love-dating-website-html5-template/cupid-love/blog-masonry-3-columns.html]
[themes.potenzaglobalsolutions.com/html/cupid-love-dating-website-html5-template/cupid-love/blog-masonry-fullwidth.html]
[themes.potenzaglobalsolutions.com/html/cupid-love-dating-website-html5-template/cupid-love/js/isotope/isotope.pkgd.min.js]
[themes.potenzaglobalsolutions.com/html/cupid-love-dating-website-html5-template/cupid-love/images/blog/blog-1.jpg]
[themes.potenzaglobalsolutions.com/html/cupid-love-dating-website-html5-template/cupid-love/images/thumbnail/thum-4.jpg]
[themes.potenzaglobalsolutions.com/html/cupid-love-dating-website-html5-template/cupid-love/images/thumbnail/thum-5.jpg]
[themes.potenzaglobalsolutions.com/html/cupid-love-dating-website-html5-template/cupid-love/images/thumbnail/thum-6.jpg]
[themes.potenzaglobalsolutions.com/html/cupid-love-dating-website-html5-template/cupid-love/blog-singal-left.html]
[themes.potenzaglobalsolutions.com/html/cupid-love-dating-website-html5-template/cupid-love/blog-singal-right.html]
[themes.potenzaglobalsolutions.com/html/cupid-love-dating-website-html5-template/cupid-love/blog-singal-fullwidth.html]
[themes.potenzaglobalsolutions.com/html/cupid-love-dating-website-html5-template/cupid-love/elements-accordions.html]
[themes.potenzaglobalsolutions.com/html/cupid-love-dating-website-html5-template/cupid-love/elements-action-box.html]
[themes.potenzaglobalsolutions.com/html/cupid-love-dating-website-html5-template/cupid-love/elements-alerts-and-callouts.html]
[themes.potenzaglobalsolutions.com/html/cupid-love-dating-website-html5-template/cupid-love/elements-buttons.html]
[themes.potenzaglobalsolutions.com/html/cupid-love-dating-website-html5-template/cupid-love/elements-carousel-slider.html]
[themes.potenzaglobalsolutions.com/html/cupid-love-dating-website-html5-template/cupid-love/elements-columns.html]
[themes.potenzaglobalsolutions.com/html/cupid-love-dating-website-html5-template/cupid-love/elements-content-box.html]
[themes.potenzaglobalsolutions.com/html/cupid-love-dating-website-html5-template/cupid-love/elements-counter.html]
[themes.potenzaglobalsolutions.com/html/cupid-love-dating-website-html5-template/cupid-love/elements-data-table.html]
[themes.potenzaglobalsolutions.com/html/cupid-love-dating-website-html5-template/cupid-love/elements-lists-style.html]
[themes.potenzaglobalsolutions.com/html/cupid-love-dating-website-html5-template/cupid-love/elements-post-style.html]
[themes.potenzaglobalsolutions.com/html/cupid-love-dating-website-html5-template/cupid-love/elements-timeline.html]
[themes.potenzaglobalsolutions.com/html/cupid-love-dating-website-html5-template/cupid-love/elements-social-icon.html]
[themes.potenzaglobalsolutions.com/html/cupid-love-dating-website-html5-template/cupid-love/elements-testimonial.html]
[themes.potenzaglobalsolutions.com/html/cupid-love-dating-website-html5-template/cupid-love/elements-tabs.html]
[themes.potenzaglobalsolutions.com/html/cupid-love-dating-website-html5-template/cupid-love/elements-our-story.html]
[themes.potenzaglobalsolutions.com/html/cupid-love-dating-website-html5-template/cupid-love/images/team/team-v2.png]
[themes.potenzaglobalsolutions.com/html/cupid-love-dating-website-html5-template/cupid-love/elements-team.html]
[themes.potenzaglobalsolutions.com/html/cupid-love-dating-website-html5-template/cupid-love/elements-typography.html]
[themes.potenzaglobalsolutions.com/html/cupid-love-dating-website-html5-template/cupid-love/images/bg/inner-bg-2.jpg]
[themes.potenzaglobalsolutions.com/html/cupid-love-dating-website-html5-template/cupid-love/images/profile/profile-img.png]
[themes.potenzaglobalsolutions.com/html/cupid-love-dating-website-html5-template/cupid-love/profile-details.html]
[themes.potenzaglobalsolutions.com/html/cupid-love-dating-website-html5-template/cupid-love/images/story/stories-1.jpg]
[themes.potenzaglobalsolutions.com/html/cupid-love-dating-website-html5-template/cupid-love/stories-details.html]
[themes.potenzaglobalsolutions.com/html/cupid-love-dating-website-html5-template/cupid-love/images/bg/17.html]
[themes.potenzaglobalsolutions.com/html/cupid-love-dating-website-html5-template/cupid-love/fonts/fontawesome-webfont5b62.svg]
[themes.potenzaglobalsolutions.com/html/cupid-love-dating-website-html5-template/cupid-love/fonts/Flaticon.svg]
[themes.potenzaglobalsolutions.com/html/cupid-love-dating-website-html5-template/cupid-love/css/owl-carousel/owl.video.play.html]
[themes.potenzaglobalsolutions.com/html/cupid-love-dating-website-html5-template/cupid-love/images/bg/gradient-overlay.html]
[themes.potenzaglobalsolutions.com/html/cupid-love-dating-website-html5-template/cupid-love/images/pattern/pattern3.html]
[themes.potenzaglobalsolutions.com/html/cupid-love-dating-website-html5-template/cupid-love/images/form-icon/skin-default.html]
[themes.potenzaglobalsolutions.com/html/cupid-love-dating-website-html5-template/cupid-love/images/register-img.html]
[themes.potenzaglobalsolutions.com/html/cupid-love-dating-website-html5-template/cupid-love/images/login-img.html]
[themes.potenzaglobalsolutions.com/html/cupid-love-dating-website-html5-template/cupid-love/images/pattern/pattern2.html]
[themes.potenzaglobalsolutions.com/html/cupid-love-dating-website-html5-template/cupid-love/css/bootstrap-select.min.css]
[themes.potenzaglobalsolutions.com/html/cupid-love-dating-website-html5-template/cupid-love/css/animate.min.css]
[themes.potenzaglobalsolutions.com/html/cupid-love-dating-website-html5-template/cupid-love/css/skills-graph/jqbar.css]
[themes.potenzaglobalsolutions.com/html/cupid-love-dating-website-html5-template/cupid-love/css/bootstrap-slider.min.css]
[themes.potenzaglobalsolutions.com/html/cupid-love-dating-website-html5-template/cupid-love/(007)1234567890.html]
